[kavidavi.odoo.com/index.html]
[backblue.gif]
[fade.gif]
[index.html]
[kavidavi.odoo.com/web/image/website/1/idasta1c87.webp]
[kavidavi.odoo.com/web/image/website/1/logo/idasta1c87.webp]
[kavidavi.odoo.com/web/image/website/1/idasta1c87.ico]
[kavidavi.odoo.com/web/static/src/libs/fontawesome/fonts/fontawesome-webfont3e6e.woff2]
[kavidavi.odoo.com/web/assets/1/3e0d1fa/web.assets_frontend_minimal.min.js]
[kavidavi.odoo.com/web/image/website/1/logo/idasta1c87-2.webp]
[kavidavi.odoo.com/shop/cart.html]
[kavidavi.odoo.com/shop/wishlist.html]
[kavidavi.odoo.com/web/login.html]
[kavidavi.odoo.com/contactus.html]
[kavidavi.odoo.com/about-us.html]
[kavidavi.odoo.com/web/assets/1/4cc84c1/web.assets_frontend.min.css]
[kavidavi.odoo.com/shop.html]
[kavidavi.odoo.com/_/web/image/1084-c4b99983/Golosinas.webp_]
[kavidavi.odoo.com/web/image/2500-8f215091/Gemini_Generated_Image_xa57acxa57acxa57.webp]
[kavidavi.odoo.com/web/image/2499-a0823f8a/customized_TRUFAS_0baeacfc-0b90-419b-b3a1-b5f6e6314d7c.webp]
[kavidavi.odoo.com/web/image/2501-c27f591c/Gemini_Generated_Image_7y6v4z7y6v4z7y6v.webp]
[kavidavi.odoo.com/web/image/2507-b149318f/customized_GALLETA%20CON%20FRAMBUESA_d41e161f-1c48-41e9-be6f-489f1b0375]
[kavidavi.odoo.com/web/image/2512-7a0d8ee1/torta-chocolate-meio-amargo-768x512.webp]
[kavidavi.odoo.com/_/web/image/2513-53ca40ec/MINI TARTALETAS DE FRUTA.webp_]
[kavidavi.odoo.com/'/html_editor/shape/html_builder/Bold/16ec03.svg]
[kavidavi.odoo.com/web/image/website.s_quotes_carousel_demo_image_3.webp]
[kavidavi.odoo.com/web/image/website.s_quotes_carousel_demo_image_4.webp]
[kavidavi.odoo.com/web/image/website.s_quotes_carousel_demo_image_5.webp]
[kavidavi.odoo.com/web/image/2504-fe60f8c4/MINI CHEESECAKES.webp]
[kavidavi.odoo.com/web/image/2514-449261a0/customized_TRUFAS_0baeacfc-0b90-419b-b3a1-b5f6e6314d7c.webp]
[kavidavi.odoo.com/privacy]
[kavidavi.odoo.com/website/social/facebook]
[kavidavi.odoo.com/website/social/twitter]
[kavidavi.odoo.com/website/social/linkedin]
[kavidavi.odoo.com/web/static/img/odoo_logo_tiny.png]
[kavidavi.odoo.com/index.html]
[kavidavi.odoo.com/web/static/img/transparent.png]
[kavidavi.odoo.com/web/static/src/libs/fontawesome/fonts/fontawesome-webfont3e6e.woff]
[kavidavi.odoo.com/web/static/lib/odoo_ui_icons/fonts/odoo_ui_icons.woff2]
[kavidavi.odoo.com/web/static/lib/odoo_ui_icons/fonts/odoo_ui_icons.woff]
[kavidavi.odoo.com/web/static/img/openhand.cur]
[kavidavi.odoo.com/website_sale/static/src/img/categories/placeholder_thumbnail.png]
[kavidavi.odoo.com/web/assets/1/4cc84c1/web.assets_frontend.min.css]
[kavidavi.odoo.com/shop/cart.html]
[kavidavi.odoo.com/shop/wishlist.html]
[kavidavi.odoo.com/web/reset_password.html]
[kavidavi.odoo.com/web/login.html]
[kavidavi.odoo.com/web/signup.html]
[kavidavi.odoo.com/_/web/image/2519-e3acbfbe/CHOCO.webp_]
[kavidavi.odoo.com/contactus.html]
[kavidavi.odoo.com/shop/category/bebidas-15.html]
[kavidavi.odoo.com/shop/category/bocaditos-12.html]
[kavidavi.odoo.com/shop/category/buffet-16.html]
[kavidavi.odoo.com/shop/category/dulces-11.html]
[kavidavi.odoo.com/shop/category/frutas-14.html]
[kavidavi.odoo.com/'data_image/png;base64, iVBORw0KGgoAAAANSUhEUgAAAIAAAACACAY/KU25CWjBgLC/lOacVIgdQz2qFyAGUo1gh9A]
[kavidavi.odoo.com/shop/category/galletas-9.html]
[kavidavi.odoo.com/shop/category/helados-13.html]
[kavidavi.odoo.com/shop/category/pasteles-10.html]
[kavidavi.odoo.com/'data_image/png;base64, iVBORw0KGgoAAAANSUhEUgAAAIAAAACACAY/zjcDVSXdK9f9pHulKiNtYTQBBEAABEAABEA]
[kavidavi.odoo.com/'data_image/png;base64, iVBORw0KGgoAAAANSUhEUgAAAIAAAACACAY/K0p2QGIFCGGJdL4fwTpL7pznccwoWmbG3nt]
[kavidavi.odoo.com/shopaaea.html]
[kavidavi.odoo.com/shop5287.html]
[kavidavi.odoo.com/shop528b.html]
[kavidavi.odoo.com/shop9d3a.html]
[kavidavi.odoo.com/shop86c9.html]
[kavidavi.odoo.com/shop/torta-de-pina-2.html]
[kavidavi.odoo.com/web/image/product.product/2/image_1024/TORTA DE PINA.webp_; filename_=UTF-8''TORTA%20DE%20PI%C3]
[kavidavi.odoo.com/shop/popcake-3.html]
[kavidavi.odoo.com/web/image/product.product/3/image_1024/POPCAKEb2ce.webp]
[kavidavi.odoo.com/shop/trufas-4.html]
[kavidavi.odoo.com/web/image/product.product/4/image_1024/TRUFAS3c3e.webp]
[kavidavi.odoo.com/shop/enrollado-de-gelatina-5.html]
[kavidavi.odoo.com/web/image/product.product/5/image_1024/ENROLLADO DE GELATINA6ad0.webp]
[kavidavi.odoo.com/shop/torta-de-vainilla-6.html]
[kavidavi.odoo.com/web/image/product.product/6/image_1024/TORTA DE VAINILLA1145.webp]
[kavidavi.odoo.com/shop/torta-de-fresas-7.html]
[kavidavi.odoo.com/web/image/product.product/7/image_1024/TORTA DE FRESASae82.webp]
[kavidavi.odoo.com/shop/helados-en-forma-de-oso-8.html]
[kavidavi.odoo.com/web/image/product.product/8/image_1024/HELADOS EN FORMA DE OSO.webp_; filename_=UTF-8''HELADOS%]
[kavidavi.odoo.com/shop/helados-en-forma-de-pikachu-9.html]
[kavidavi.odoo.com/web/image/product.product/9/image_1024/HELADOS EN FORMA DE PIKACHU298c.webp]
[kavidavi.odoo.com/shop/helados-en-forma-de-dragon-10.html]
[kavidavi.odoo.com/web/image/product.product/10/image_1024/HELADOS EN FORMA DE DRAGON85a4.webp]
[kavidavi.odoo.com/shop/helado-en-forma-de-puerco-11.html]
[kavidavi.odoo.com/web/image/product.product/11/image_1024/HELADO EN FORMA DE PUERCO79d5.webp]
[kavidavi.odoo.com/shop/helados-en-forma-de-perro-12.html]
[kavidavi.odoo.com/web/image/product.product/12/image_1024/HELADOS EN FORMA DE PERRO1f1b.webp]
[kavidavi.odoo.com/shop/helado-en-forma-de-gato-13.html]
[kavidavi.odoo.com/web/image/product.product/13/image_1024/HELADO EN FORMA DE GATOadf3.webp]
[kavidavi.odoo.com/shop/galleta-en-forma-de-luna-14.html]
[kavidavi.odoo.com/web/image/product.product/14/image_1024/GALLETA EN FORMA DE LUNA8edb.webp]
[kavidavi.odoo.com/shop/galleta-en-forma-de-unicornio-15.html]
[kavidavi.odoo.com/web/image/product.product/15/image_1024/GALLETA EN FORMA DE UNICORNIOf9a5.webp]
[kavidavi.odoo.com/shop/galleta-en-foma-de-perezoso-16.html]
[kavidavi.odoo.com/web/image/product.product/16/image_1024/GALLETA EN FOMA DE PEREZOSO0082.webp]
[kavidavi.odoo.com/shop/galleta-en-forma-de-nube-17.html]
[kavidavi.odoo.com/web/image/product.product/17/image_1024/GALLETA EN FORMA DE NUBE351f.webp]
[kavidavi.odoo.com/shop/galleta-con-frambuesa-18.html]
[kavidavi.odoo.com/web/image/product.product/18/image_1024/GALLETA CON FRAMBUESA8514.webp]
[kavidavi.odoo.com/shop/galleta-con-limon-19.html]
[kavidavi.odoo.com/web/image/product.product/19/image_1024/GALLETA CON LIMONa5f0.webp]
[kavidavi.odoo.com/shop/fresa-con-chocolate-20.html]
[kavidavi.odoo.com/web/image/product.product/20/image_1024/FRESA CON CHOCOLATE6b26.webp]
[kavidavi.odoo.com/shop/platano-con-chocolate-59.html]
[kavidavi.odoo.com/web/image/product.product/59/image_1024/PLATANO CON CHOCOLATE.webp_; filename_=UTF-8''PL%C3%81T]
[kavidavi.odoo.com/shop/uva-con-chocolate-60.html]
[kavidavi.odoo.com/web/image/product.product/60/image_1024/UVA CON CHOCOLATE5524.webp]
[kavidavi.odoo.com/shop/page/2.html]
[kavidavi.odoo.com/shop/page/3.html]
[kavidavi.odoo.com/shop.html]
[kavidavi.odoo.com/shop/page/4.html]
[kavidavi.odoo.com/_/web/image/2520-55aa4e97/CHOCO.webp_]
[kavidavi.odoo.com/about-us.html]
[kavidavi.odoo.com/_/web/image/1084-c4b99983/Golosinas.html]
[kavidavi.odoo.com/_/web/image/2513-53ca40ec/MINI TARTALETAS DE FRUTA.html]
[kavidavi.odoo.com/'/html_editor/shape/html_builder/Bold/16ec03.html]
[kavidavi.odoo.com/privacy.html]
[kavidavi.odoo.com/website/social/facebook.html]
[kavidavi.odoo.com/website/social/twitter.html]
[kavidavi.odoo.com/website/social/linkedin.html]
[kavidavi.odoo.com/web/static/img/empty_folder.svg]
[kavidavi.odoo.com/web/static/img/mimetypes/unknown.svg]
[kavidavi.odoo.com/web/static/img/mimetypes/image.svg]
[kavidavi.odoo.com/web/static/img/mimetypes/audio.svg]
[kavidavi.odoo.com/web/static/img/mimetypes/text.svg]
[kavidavi.odoo.com/web/static/img/mimetypes/binary.svg]
[kavidavi.odoo.com/web/static/img/mimetypes/video.svg]
[kavidavi.odoo.com/web/static/img/mimetypes/archive.svg]
[kavidavi.odoo.com/web/static/img/mimetypes/pdf.svg]
[kavidavi.odoo.com/web/static/img/mimetypes/document.svg]
[kavidavi.odoo.com/web/static/img/mimetypes/web_code.svg]
[kavidavi.odoo.com/web/static/img/mimetypes/web_style.svg]
[kavidavi.odoo.com/web/static/img/mimetypes/disk.svg]
[kavidavi.odoo.com/web/static/img/mimetypes/spreadsheet.svg]
[kavidavi.odoo.com/web/static/img/mimetypes/certificate.svg]
[kavidavi.odoo.com/web/static/img/mimetypes/presentation.svg]
[kavidavi.odoo.com/web/static/img/mimetypes/font.svg]
[kavidavi.odoo.com/web/static/img/mimetypes/print.svg]
[kavidavi.odoo.com/web/static/img/mimetypes/script.svg]
[kavidavi.odoo.com/web/static/img/mimetypes/javascript.svg]
[kavidavi.odoo.com/web/static/img/mimetypes/calendar.svg]
[kavidavi.odoo.com/web/static/img/mimetypes/vector.svg]
[kavidavi.odoo.com/html_editor/static/src/img/curved_arrow.svg]
[kavidavi.odoo.com/html_editor/shape/html_builder/Airy/01_0011258.svg]
[kavidavi.odoo.com/html_editor/shape/html_builder/Airy/02_0011258.svg]
[kavidavi.odoo.com/html_editor/shape/html_builder/Airy/06_0011258.svg]
[kavidavi.odoo.com/html_editor/shape/html_builder/Airy/07_0011258.svg]
[kavidavi.odoo.com/html_editor/shape/html_builder/Airy/08_0011258.svg]
[kavidavi.odoo.com/html_editor/shape/html_builder/Airy/09_0011258.svg]
[kavidavi.odoo.com/html_editor/shape/html_builder/Airy/10_0011258.svg]
[kavidavi.odoo.com/html_editor/shape/html_builder/Airy/11_0011258.svg]
[kavidavi.odoo.com/html_editor/shape/html_builder/Airy/12_0020196.svg]
[kavidavi.odoo.com/html_editor/shape/html_builder/Airy/13_0020196.svg]
[kavidavi.odoo.com/html_editor/shape/html_builder/Airy/14_0011258.svg]
[kavidavi.odoo.com/html_editor/shape/html_builder/Airy/151258.svg]
[kavidavi.odoo.com/html_editor/shape/html_builder/Airy/161258.svg]
[kavidavi.odoo.com/html_editor/shape/html_builder/Airy/171258.svg]
[kavidavi.odoo.com/html_editor/shape/html_builder/Angular/011258.svg]
[kavidavi.odoo.com/html_editor/shape/html_builder/Angular/021258.svg]
[kavidavi.odoo.com/html_editor/shape/html_builder/Angular/031258.svg]
[kavidavi.odoo.com/html_editor/shape/html_builder/Angular/041258.svg]
[kavidavi.odoo.com/html_editor/shape/html_builder/Angular/051258.svg]
[kavidavi.odoo.com/html_editor/shape/html_builder/Angular/067e40.svg]
[kavidavi.odoo.com/html_editor/shape/html_builder/Angular/071258.svg]
[kavidavi.odoo.com/html_editor/shape/html_builder/Angular/081258.svg]
[kavidavi.odoo.com/html_editor/shape/html_builder/Angular/091258.svg]
[kavidavi.odoo.com/html_editor/shape/html_builder/Blobs/01_001db0f.svg]
[kavidavi.odoo.com/html_editor/shape/html_builder/Blobs/02ee9a.svg]
[kavidavi.odoo.com/html_editor/shape/html_builder/Blobs/03db0f.svg]
[kavidavi.odoo.com/html_editor/shape/html_builder/Blobs/04_0011258.svg]
[kavidavi.odoo.com/html_editor/shape/html_builder/Blobs/05_0017310.svg]
[kavidavi.odoo.com/html_editor/shape/html_builder/Blobs/06_0017310.svg]
[kavidavi.odoo.com/html_editor/shape/html_builder/Blobs/10_0021258.svg]
[kavidavi.odoo.com/html_editor/shape/html_builder/Blobs/139749.svg]
[kavidavi.odoo.com/html_editor/shape/html_builder/Blobs/149749.svg]
[kavidavi.odoo.com/html_editor/shape/html_builder/Blobs/159749.svg]
[kavidavi.odoo.com/html_editor/shape/html_builder/Blobs/161258.svg]
[kavidavi.odoo.com/html_editor/shape/html_builder/Blobs/171258.svg]
[kavidavi.odoo.com/html_editor/shape/html_builder/Blobs/181258.svg]
[kavidavi.odoo.com/html_editor/shape/html_builder/Blocks/01_0017e40.svg]
[kavidavi.odoo.com/html_editor/shape/html_builder/Blocks/02_0017e40.svg]
[kavidavi.odoo.com/html_editor/shape/html_builder/Blocks/042afd.svg]
[kavidavi.odoo.com/html_editor/shape/html_builder/Blurry/017310.svg]
[kavidavi.odoo.com/html_editor/shape/html_builder/Blurry/027310.svg]
[kavidavi.odoo.com/html_editor/shape/html_builder/Blurry/030876.svg]
[kavidavi.odoo.com/html_editor/shape/html_builder/Blurry/048350.svg]
[kavidavi.odoo.com/html_editor/shape/html_builder/Blurry/05d1ac.svg]
[kavidavi.odoo.com/html_editor/shape/html_builder/Blurry/06574e.svg]
[kavidavi.odoo.com/html_editor/shape/html_builder/Bold/01_0011258.svg]
[kavidavi.odoo.com/html_editor/shape/html_builder/Bold/131258.svg]
[kavidavi.odoo.com/html_editor/shape/html_builder/Bold/149749.svg]
[kavidavi.odoo.com/html_editor/shape/html_builder/Bold/151258.svg]
[kavidavi.odoo.com/html_editor/shape/html_builder/Bold/161258.svg]
[kavidavi.odoo.com/html_editor/shape/html_builder/Bold/171258.svg]
[kavidavi.odoo.com/html_editor/shape/html_builder/Bold/181258.svg]
[kavidavi.odoo.com/html_editor/shape/html_builder/Bold/191258.svg]
[kavidavi.odoo.com/html_editor/shape/html_builder/Bold/209749.svg]
[kavidavi.odoo.com/html_editor/shape/html_builder/Bold/211258.svg]
[kavidavi.odoo.com/html_editor/shape/html_builder/Bold/221258.svg]
[kavidavi.odoo.com/html_editor/shape/html_builder/Bold/231258.svg]
[kavidavi.odoo.com/html_editor/shape/html_builder/Connections/011258.svg]
[kavidavi.odoo.com/html_editor/shape/html_builder/Connections/021258.svg]
[kavidavi.odoo.com/html_editor/shape/html_builder/Connections/031258.svg]
[kavidavi.odoo.com/html_editor/shape/html_builder/Connections/041258.svg]
[kavidavi.odoo.com/html_editor/shape/html_builder/Connections/051258.svg]
[kavidavi.odoo.com/html_editor/shape/html_builder/Connections/061258.svg]
[kavidavi.odoo.com/html_editor/shape/html_builder/Connections/071258.svg]
[kavidavi.odoo.com/html_editor/shape/html_builder/Connections/081258.svg]
[kavidavi.odoo.com/html_editor/shape/html_builder/Connections/091258.svg]
[kavidavi.odoo.com/html_editor/shape/html_builder/Connections/101258.svg]
[kavidavi.odoo.com/html_editor/shape/html_builder/Connections/111258.svg]
[kavidavi.odoo.com/html_editor/shape/html_builder/Connections/121258.svg]
[kavidavi.odoo.com/html_editor/shape/html_builder/Connections/131258.svg]
[kavidavi.odoo.com/html_editor/shape/html_builder/Connections/141258.svg]
[kavidavi.odoo.com/html_editor/shape/html_builder/Connections/151258.svg]
[kavidavi.odoo.com/html_editor/shape/html_builder/Connections/161258.svg]
[kavidavi.odoo.com/html_editor/shape/html_builder/Connections/171258.svg]
[kavidavi.odoo.com/html_editor/shape/html_builder/Connections/181258.svg]
[kavidavi.odoo.com/html_editor/shape/html_builder/Connections/191258.svg]
[kavidavi.odoo.com/html_editor/shape/html_builder/Connections/201258.svg]
[kavidavi.odoo.com/html_editor/shape/html_builder/Containers/011258.svg]
[kavidavi.odoo.com/html_editor/shape/html_builder/Containers/021258.svg]
[kavidavi.odoo.com/html_editor/shape/html_builder/Containers/031258.svg]
[kavidavi.odoo.com/html_editor/shape/html_builder/Containers/041258.svg]
[kavidavi.odoo.com/html_editor/shape/html_builder/Containers/051258.svg]
[kavidavi.odoo.com/html_editor/shape/html_builder/Containers/061258.svg]
[kavidavi.odoo.com/html_editor/shape/html_builder/Floats/01d264.svg]
[kavidavi.odoo.com/html_editor/shape/html_builder/Floats/022afd.svg]
[kavidavi.odoo.com/html_editor/shape/html_builder/Floats/032afd.svg]
[kavidavi.odoo.com/html_editor/shape/html_builder/Floats/042cbf.svg]
[kavidavi.odoo.com/html_editor/shape/html_builder/Floats/052afd.svg]
[kavidavi.odoo.com/html_editor/shape/html_builder/Floats/062afd.svg]
[kavidavi.odoo.com/html_editor/shape/html_builder/Floats/072afd.svg]
[kavidavi.odoo.com/html_editor/shape/html_builder/Floats/082afd.svg]
[kavidavi.odoo.com/html_editor/shape/html_builder/Floats/098350.svg]
[kavidavi.odoo.com/html_editor/shape/html_builder/Floats/102afd.svg]
[kavidavi.odoo.com/html_editor/shape/html_builder/Floats/114141.svg]
[kavidavi.odoo.com/html_editor/shape/html_builder/Floats/122afd.svg]
[kavidavi.odoo.com/html_editor/shape/html_builder/Floats/1310f0.svg]
[kavidavi.odoo.com/html_editor/shape/html_builder/Floats/142afd.svg]
[kavidavi.odoo.com/html_editor/shape/html_builder/Grids/011258.svg]
[kavidavi.odoo.com/html_editor/shape/html_builder/Grids/021258.svg]
[kavidavi.odoo.com/html_editor/shape/html_builder/Grids/031258.svg]
[kavidavi.odoo.com/html_editor/shape/html_builder/Grids/041258.svg]
[kavidavi.odoo.com/html_editor/shape/html_builder/Grids/051258.svg]
[kavidavi.odoo.com/html_editor/shape/html_builder/Grids/061258.svg]
[kavidavi.odoo.com/html_editor/shape/html_builder/Grids/071258.svg]
[kavidavi.odoo.com/html_editor/shape/html_builder/Grids/081258.svg]
[kavidavi.odoo.com/html_editor/shape/html_builder/Patterns/011258.svg]
[kavidavi.odoo.com/html_editor/shape/html_builder/Patterns/021258.svg]
[kavidavi.odoo.com/html_editor/shape/html_builder/Patterns/031258.svg]
[kavidavi.odoo.com/html_editor/shape/html_builder/Patterns/041258.svg]
[kavidavi.odoo.com/html_editor/shape/html_builder/Patterns/051258.svg]
[kavidavi.odoo.com/html_editor/shape/html_builder/Rainy/01_0019749.svg]
[kavidavi.odoo.com/html_editor/shape/html_builder/Rainy/02_001a630.svg]
[kavidavi.odoo.com/html_editor/shape/html_builder/Rainy/068350.svg]
[kavidavi.odoo.com/html_editor/shape/html_builder/Rainy/078350.svg]
[kavidavi.odoo.com/html_editor/shape/html_builder/Rainy/08_001574e.svg]
[kavidavi.odoo.com/html_editor/shape/html_builder/Rainy/09_0017310.svg]
[kavidavi.odoo.com/html_editor/shape/html_builder/Rainy/104141.svg]
[kavidavi.odoo.com/html_editor/shape/html_builder/Wavy/03ee9a.svg]
[kavidavi.odoo.com/html_editor/shape/html_builder/Wavy/049749.svg]
[kavidavi.odoo.com/html_editor/shape/html_builder/Wavy/08_0011258.svg]
[kavidavi.odoo.com/html_editor/shape/html_builder/Wavy/09_0011258.svg]
[kavidavi.odoo.com/html_editor/shape/html_builder/Wavy/10ee9a.svg]
[kavidavi.odoo.com/html_editor/shape/html_builder/Wavy/11_0011258.svg]
[kavidavi.odoo.com/html_editor/shape/html_builder/Wavy/181258.svg]
[kavidavi.odoo.com/html_editor/shape/html_builder/Wavy/22_0011258.svg]
[kavidavi.odoo.com/html_editor/shape/html_builder/Wavy/24ee9a.svg]
[kavidavi.odoo.com/html_editor/shape/html_builder/Wavy/26ee9a.svg]
[kavidavi.odoo.com/html_editor/shape/html_builder/Wavy/27ee9a.svg]
[kavidavi.odoo.com/html_editor/shape/html_builder/Wavy/291258.svg]
[kavidavi.odoo.com/html_editor/shape/html_builder/Wavy/307e40.svg]
[kavidavi.odoo.com/html_editor/shape/html_builder/Wavy/317e40.svg]
[kavidavi.odoo.com/html_editor/shape/html_builder/Zigs/01_001db0f.svg]
[kavidavi.odoo.com/html_editor/shape/html_builder/Airy/017310.svg]
[kavidavi.odoo.com/html_editor/shape/html_builder/Airy/027310.svg]
[kavidavi.odoo.com/html_editor/shape/html_builder/Airy/031258.svg]
[kavidavi.odoo.com/html_editor/shape/html_builder/Airy/03_0011258.svg]
[kavidavi.odoo.com/html_editor/shape/html_builder/Airy/047310.svg]
[kavidavi.odoo.com/html_editor/shape/html_builder/Airy/04_0017310.svg]
[kavidavi.odoo.com/html_editor/shape/html_builder/Airy/057310.svg]
[kavidavi.odoo.com/html_editor/shape/html_builder/Airy/05_0017310.svg]
[kavidavi.odoo.com/html_editor/shape/html_builder/Airy/06db0f.svg]
[kavidavi.odoo.com/html_editor/shape/html_builder/Airy/07db0f.svg]
[kavidavi.odoo.com/html_editor/shape/html_builder/Airy/087310.svg]
[kavidavi.odoo.com/html_editor/shape/html_builder/Airy/097310.svg]
[kavidavi.odoo.com/html_editor/shape/html_builder/Airy/101258.svg]
[kavidavi.odoo.com/html_editor/shape/html_builder/Airy/111258.svg]
[kavidavi.odoo.com/html_editor/shape/html_builder/Airy/124141.svg]
[kavidavi.odoo.com/html_editor/shape/html_builder/Airy/12_0014141.svg]
[kavidavi.odoo.com/html_editor/shape/html_builder/Airy/13574e.svg]
[kavidavi.odoo.com/html_editor/shape/html_builder/Airy/13_001574e.svg]
[kavidavi.odoo.com/html_editor/shape/html_builder/Airy/14574e.svg]
[kavidavi.odoo.com/html_editor/shape/html_builder/Blobs/01db0f.svg]
[kavidavi.odoo.com/html_editor/shape/html_builder/Blobs/041258.svg]
[kavidavi.odoo.com/html_editor/shape/html_builder/Blobs/057310.svg]
[kavidavi.odoo.com/html_editor/shape/html_builder/Blobs/067310.svg]
[kavidavi.odoo.com/html_editor/shape/html_builder/Blobs/071258.svg]
[kavidavi.odoo.com/html_editor/shape/html_builder/Blobs/087310.svg]
[kavidavi.odoo.com/html_editor/shape/html_builder/Blobs/09f6e1.svg]
[kavidavi.odoo.com/html_editor/shape/html_builder/Blobs/109749.svg]
[kavidavi.odoo.com/html_editor/shape/html_builder/Blobs/10_0017310.svg]
[kavidavi.odoo.com/html_editor/shape/html_builder/Blobs/117310.svg]
[kavidavi.odoo.com/html_editor/shape/html_builder/Blobs/127310.svg]
[kavidavi.odoo.com/html_editor/shape/html_builder/Blocks/017e40.svg]
[kavidavi.odoo.com/html_editor/shape/html_builder/Blocks/027e40.svg]
[kavidavi.odoo.com/html_editor/shape/html_builder/Blocks/03574e.svg]
[kavidavi.odoo.com/html_editor/shape/html_builder/Bold/01db0f.svg]
[kavidavi.odoo.com/html_editor/shape/html_builder/Bold/028350.svg]
[kavidavi.odoo.com/html_editor/shape/html_builder/Bold/037e40.svg]
[kavidavi.odoo.com/html_editor/shape/html_builder/Bold/04cabb.svg]
[kavidavi.odoo.com/html_editor/shape/html_builder/Bold/051258.svg]
[kavidavi.odoo.com/html_editor/shape/html_builder/Bold/05_001f6e1.svg]
[kavidavi.odoo.com/html_editor/shape/html_builder/Bold/061258.svg]
[kavidavi.odoo.com/html_editor/shape/html_builder/Bold/06_001f6e1.svg]
[kavidavi.odoo.com/html_editor/shape/html_builder/Bold/07ee9a.svg]
[kavidavi.odoo.com/html_editor/shape/html_builder/Bold/07_001ee9a.svg]
[kavidavi.odoo.com/html_editor/shape/html_builder/Bold/087310.svg]
[kavidavi.odoo.com/html_editor/shape/html_builder/Bold/09cabb.svg]
[kavidavi.odoo.com/html_editor/shape/html_builder/Bold/105505.svg]
[kavidavi.odoo.com/html_editor/shape/html_builder/Bold/10_001a630.svg]
[kavidavi.odoo.com/html_editor/shape/html_builder/Bold/118350.svg]
[kavidavi.odoo.com/html_editor/shape/html_builder/Bold/11_001ee9a.svg]
[kavidavi.odoo.com/html_editor/shape/html_builder/Bold/1210f0.svg]
[kavidavi.odoo.com/html_editor/shape/html_builder/Bold/12_00110f0.svg]
[kavidavi.odoo.com/html_editor/shape/html_builder/Origins/018041.svg]
[kavidavi.odoo.com/html_editor/shape/html_builder/Origins/02f6e1.svg]
[kavidavi.odoo.com/html_editor/shape/html_builder/Origins/02_0018e57.svg]
[kavidavi.odoo.com/html_editor/shape/html_builder/Origins/03f6e1.svg]
[kavidavi.odoo.com/html_editor/shape/html_builder/Origins/04f6e1.svg]
[kavidavi.odoo.com/html_editor/shape/html_builder/Origins/04_001f6e1.svg]
[kavidavi.odoo.com/html_editor/shape/html_builder/Origins/05f6e1.svg]
[kavidavi.odoo.com/html_editor/shape/html_builder/Origins/06f6e1.svg]
[kavidavi.odoo.com/html_editor/shape/html_builder/Origins/06_001f355.svg]
[kavidavi.odoo.com/html_editor/shape/html_builder/Origins/07f6e1.svg]
[kavidavi.odoo.com/html_editor/shape/html_builder/Origins/07_001adc1.svg]
[kavidavi.odoo.com/html_editor/shape/html_builder/Origins/07_00279ad.svg]
[kavidavi.odoo.com/html_editor/shape/html_builder/Origins/08f6e1.svg]
[kavidavi.odoo.com/html_editor/shape/html_builder/Origins/099749.svg]
[kavidavi.odoo.com/html_editor/shape/html_builder/Origins/09_001f6e1.svg]
[kavidavi.odoo.com/html_editor/shape/html_builder/Origins/108041.svg]
[kavidavi.odoo.com/html_editor/shape/html_builder/Origins/11adc1.svg]
[kavidavi.odoo.com/html_editor/shape/html_builder/Origins/11_001f355.svg]
[kavidavi.odoo.com/html_editor/shape/html_builder/Origins/12adc1.svg]
[kavidavi.odoo.com/html_editor/shape/html_builder/Origins/13adc1.svg]
[kavidavi.odoo.com/html_editor/shape/html_builder/Origins/14750f.svg]
[kavidavi.odoo.com/html_editor/shape/html_builder/Origins/14_001f355.svg]
[kavidavi.odoo.com/html_editor/shape/html_builder/Origins/15750f.svg]
[kavidavi.odoo.com/html_editor/shape/html_builder/Origins/16f6e1.svg]
[kavidavi.odoo.com/html_editor/shape/html_builder/Origins/17f6e1.svg]
[kavidavi.odoo.com/html_editor/shape/html_builder/Origins/187310.svg]
[kavidavi.odoo.com/html_editor/shape/html_builder/Origins/191258.svg]
[kavidavi.odoo.com/html_editor/shape/html_builder/Rainy/019749.svg]
[kavidavi.odoo.com/html_editor/shape/html_builder/Rainy/02a630.svg]
[kavidavi.odoo.com/html_editor/shape/html_builder/Rainy/03a9df.svg]
[kavidavi.odoo.com/html_editor/shape/html_builder/Rainy/03_0018041.svg]
[kavidavi.odoo.com/html_editor/shape/html_builder/Rainy/049749.svg]
[kavidavi.odoo.com/html_editor/shape/html_builder/Rainy/059749.svg]
[kavidavi.odoo.com/html_editor/shape/html_builder/Rainy/05_0017310.svg]
[kavidavi.odoo.com/html_editor/shape/html_builder/Rainy/08574e.svg]
[kavidavi.odoo.com/html_editor/shape/html_builder/Rainy/097310.svg]
[kavidavi.odoo.com/html_editor/shape/html_builder/Wavy/01750f.svg]
[kavidavi.odoo.com/html_editor/shape/html_builder/Wavy/01_001f6e1.svg]
[kavidavi.odoo.com/html_editor/shape/html_builder/Wavy/02750f.svg]
[kavidavi.odoo.com/html_editor/shape/html_builder/Wavy/02_001f6e1.svg]
[kavidavi.odoo.com/html_editor/shape/html_builder/Wavy/059749.svg]
[kavidavi.odoo.com/html_editor/shape/html_builder/Wavy/065505.svg]
[kavidavi.odoo.com/html_editor/shape/html_builder/Wavy/06_0017e40.svg]
[kavidavi.odoo.com/html_editor/shape/html_builder/Wavy/07f6e1.svg]
[kavidavi.odoo.com/html_editor/shape/html_builder/Wavy/08db0f.svg]
[kavidavi.odoo.com/html_editor/shape/html_builder/Wavy/099749.svg]
[kavidavi.odoo.com/html_editor/shape/html_builder/Wavy/11574e.svg]
[kavidavi.odoo.com/html_editor/shape/html_builder/Wavy/127310.svg]
[kavidavi.odoo.com/html_editor/shape/html_builder/Wavy/12_0017310.svg]
[kavidavi.odoo.com/html_editor/shape/html_builder/Wavy/13750f.svg]
[kavidavi.odoo.com/html_editor/shape/html_builder/Wavy/13_0017310.svg]
[kavidavi.odoo.com/html_editor/shape/html_builder/Wavy/144141.svg]
[kavidavi.odoo.com/html_editor/shape/html_builder/Wavy/157310.svg]
[kavidavi.odoo.com/html_editor/shape/html_builder/Wavy/167310.svg]
[kavidavi.odoo.com/html_editor/shape/html_builder/Wavy/177310.svg]
[kavidavi.odoo.com/html_editor/shape/html_builder/Wavy/191258.svg]
[kavidavi.odoo.com/html_editor/shape/html_builder/Wavy/20db0f.svg]
[kavidavi.odoo.com/html_editor/shape/html_builder/Wavy/21db0f.svg]
[kavidavi.odoo.com/html_editor/shape/html_builder/Wavy/22f6e1.svg]
[kavidavi.odoo.com/html_editor/shape/html_builder/Wavy/23f6e1.svg]
[kavidavi.odoo.com/html_editor/shape/html_builder/Wavy/25ee9a.svg]
[kavidavi.odoo.com/html_editor/shape/html_builder/Wavy/284141.svg]
[kavidavi.odoo.com/html_editor/shape/html_builder/Zigs/01db0f.svg]
[kavidavi.odoo.com/html_editor/shape/html_builder/Zigs/02db0f.svg]
[kavidavi.odoo.com/html_editor/shape/html_builder/Zigs/02_001db0f.svg]
[kavidavi.odoo.com/html_editor/shape/html_builder/Zigs/037310.svg]
[kavidavi.odoo.com/html_editor/shape/html_builder/Zigs/047310.svg]
[kavidavi.odoo.com/html_editor/shape/html_builder/Zigs/05f6e1.svg]
[kavidavi.odoo.com/html_editor/shape/html_builder/Zigs/068e57.svg]
[kavidavi.odoo.com/html_editor/shape/html_builder/Origins/04_0019919.svg]
[kavidavi.odoo.com/html_editor/shape/html_builder/Origins/09_001dda1.svg]
[kavidavi.odoo.com/html_editor/shape/html_builder/Zigs/06bb47.svg]
[kavidavi.odoo.com/web_enterprise/static/img/background-light.svg]
[kavidavi.odoo.com/web/reset_password.html]
[kavidavi.odoo.com/web/signup.html]
[kavidavi.odoo.com/_/web/image/2519-e3acbfbe/CHOCO.html]
[kavidavi.odoo.com/shop/category/bebidas-15aaea.html]
[kavidavi.odoo.com/shop/category/bebidas-155287.html]
[kavidavi.odoo.com/shop/category/bebidas-15528b.html]
[kavidavi.odoo.com/shop/category/bebidas-159d3a.html]
[kavidavi.odoo.com/shop/category/bebidas-1586c9.html]
[kavidavi.odoo.com/shop/bebidas-15/bebida-de-mango-62.html]
[kavidavi.odoo.com/web/image/product.product/62/image_1024/BEBIDA DE MANGOd7c8.webp]
[kavidavi.odoo.com/shop/bebidas-15/bebida-de-fresa-63.html]
[kavidavi.odoo.com/web/image/product.product/63/image_1024/BEBIDA DE FRESAc825.webp]
[kavidavi.odoo.com/shop/bebidas-15/bebida-de-guanabana-64.html]
[kavidavi.odoo.com/web/image/product.product/64/image_1024/BEBIDA DE GUANABANA957a.webp]
[kavidavi.odoo.com/shop/bebidas-15/bebida-de-maracuya-65.html]
[kavidavi.odoo.com/web/image/product.product/65/image_1024/BEBIDA DE MARACUYA5f5f.webp]
[kavidavi.odoo.com/shop/bebidas-15/bebida-de-pina-66.html]
[kavidavi.odoo.com/web/image/product.product/66/image_1024/BEBIDA DE PINA.webp_; filename_=UTF-8''BEBIDA%20DE%20PI]
[kavidavi.odoo.com/shop/bebidas-15/bebida-de-platano-67.html]
[kavidavi.odoo.com/web/image/product.product/67/image_1024/BEBIDA DE PLATANO.webp_; filename_=UTF-8''BEBIDA%20DE%2]
[kavidavi.odoo.com/shop/bebidas-15/bebida-de-uva-68.html]
[kavidavi.odoo.com/web/image/product.product/68/image_1024/BEBIDA DE UVA75b4.webp]
[kavidavi.odoo.com/shop/bebidas-15/bebida-de-papaya-69.html]
[kavidavi.odoo.com/web/image/product.product/69/image_1024/BEBIDA DE PAPAYAbb8d.webp]
[kavidavi.odoo.com/shop/category/bebidas-15.html]
[kavidavi.odoo.com/shop/category/bocaditos-12aaea.html]
[kavidavi.odoo.com/shop/category/bocaditos-125287.html]
[kavidavi.odoo.com/shop/category/bocaditos-12528b.html]
[kavidavi.odoo.com/shop/category/bocaditos-129d3a.html]
[kavidavi.odoo.com/shop/category/bocaditos-1286c9.html]
[kavidavi.odoo.com/shop/bocaditos-12/mini-empanada-de-pollo-70.html]
[kavidavi.odoo.com/web/image/product.product/70/image_1024/MINI EMPANADA DE POLLOf5d7.webp]
[kavidavi.odoo.com/shop/bocaditos-12/mini-empanadas-de-carne-71.html]
[kavidavi.odoo.com/web/image/product.product/71/image_1024/MINI EMPANADAS DE CARNE127c.jpg]
[kavidavi.odoo.com/shop/bocaditos-12/mini-empanadas-de-queso-72.html]
[kavidavi.odoo.com/web/image/product.product/72/image_1024/MINI EMPANADAS DE QUESOc2fc.webp]
[kavidavi.odoo.com/shop/bocaditos-12/mini-pizzas-73.html]
[kavidavi.odoo.com/web/image/product.product/73/image_1024/MINI PIZZAS43cb.webp]
[kavidavi.odoo.com/shop/bocaditos-12/petipanes-de-jamon-y-queso-74.html]
[kavidavi.odoo.com/web/image/product.product/74/image_1024/PETIPANES DE JAMON Y QUESO0f7c.webp]
[kavidavi.odoo.com/shop/bocaditos-12/petipanes-de-pollo-75.html]
[kavidavi.odoo.com/web/image/product.product/75/image_1024/PETIPANES DE POLLOe79e.webp]
[kavidavi.odoo.com/shop/bocaditos-12/mini-donas-glaseadas-76.html]
[kavidavi.odoo.com/web/image/product.product/76/image_1024/MINI DONAS GLASEADAS9848.webp]
[kavidavi.odoo.com/shop/bocaditos-12/galletas-decoradas-77.html]
[kavidavi.odoo.com/web/image/product.product/77/image_1024/GALLETAS DECORADAS8f1e.webp]
[kavidavi.odoo.com/shop/bocaditos-12/galletas-de-mantequilla-78.html]
[kavidavi.odoo.com/web/image/product.product/78/image_1024/GALLETAS DE MANTEQUILLAbd3c.webp]
[kavidavi.odoo.com/shop/bocaditos-12/mini-tartaletas-de-fruta-79.html]
[kavidavi.odoo.com/web/image/product.product/79/image_1024/MINI TARTALETAS DE FRUTAf32d.webp]
[kavidavi.odoo.com/shop/bocaditos-12/mini-cheesecakes-80.html]
[kavidavi.odoo.com/web/image/product.product/80/image_1024/MINI CHEESECAKESd9e6.webp]
[kavidavi.odoo.com/shop/bocaditos-12/bombones-rellenos-81.html]
[kavidavi.odoo.com/web/image/product.product/81/image_1024/BOMBONES RELLENOS218c.webp]
[kavidavi.odoo.com/shop/category/bocaditos-12.html]
[kavidavi.odoo.com/shop/category/buffet-16aaea.html]
[kavidavi.odoo.com/shop/category/buffet-165287.html]
[kavidavi.odoo.com/shop/category/buffet-16528b.html]
[kavidavi.odoo.com/shop/category/buffet-169d3a.html]
[kavidavi.odoo.com/shop/category/buffet-1686c9.html]
[kavidavi.odoo.com/shop/buffet-16/quesudo-82.html]
[kavidavi.odoo.com/web/image/product.product/82/image_1024/QUESUDOdb09.webp]
[kavidavi.odoo.com/shop/buffet-16/la-consentida-83.html]
[kavidavi.odoo.com/web/image/product.product/83/image_1024/LA CONSENTIDAfd44.webp]
[kavidavi.odoo.com/shop/buffet-16/harinas-84.html]
[kavidavi.odoo.com/web/image/product.product/84/image_1024/HARINAS269e.webp]
[kavidavi.odoo.com/shop/buffet-16/pastelillos-85.html]
[kavidavi.odoo.com/web/image/product.product/85/image_1024/PASTELILLOS4e8b.webp]
[kavidavi.odoo.com/shop/buffet-16/frutas-86.html]
[kavidavi.odoo.com/web/image/product.product/86/image_1024/FRUTAS62a8.webp]
[kavidavi.odoo.com/shop/buffet-16/buffetes-colores-87.html]
[kavidavi.odoo.com/web/image/product.product/87/image_1024/BUFFETES COLORESbac1.webp]
[kavidavi.odoo.com/shop/category/buffet-16.html]
[kavidavi.odoo.com/'data_image/png;base64, iVBORw0KGgoAAAANSUhEUgAAAIAAAACACAY/KU25CWjBgLC/lOacVIgdQz2qFyAGUo1gh9A]
[kavidavi.odoo.com/shop/category/dulces-11aaea.html]
[kavidavi.odoo.com/shop/category/dulces-115287.html]
[kavidavi.odoo.com/shop/category/dulces-11528b.html]
[kavidavi.odoo.com/shop/category/dulces-119d3a.html]
[kavidavi.odoo.com/shop/category/dulces-1186c9.html]
[kavidavi.odoo.com/shop/dulces-11/popcake-3.html]
[kavidavi.odoo.com/shop/dulces-11/trufas-4.html]
[kavidavi.odoo.com/shop/dulces-11/enrollado-de-gelatina-5.html]
[kavidavi.odoo.com/shop/dulces-11/manzana-acarmelada-88.html]
[kavidavi.odoo.com/web/image/product.product/88/image_1024/MANZANA ACARMELADAa323.webp]
[kavidavi.odoo.com/shop/dulces-11/manzana-acaramelada-con-chocolate-89.html]
[kavidavi.odoo.com/web/image/product.product/89/image_1024/MANZANA ACARAMELADA CON CHOCOLATE6378.webp]
[kavidavi.odoo.com/shop/dulces-11/beso-de-moza-90.html]
[kavidavi.odoo.com/web/image/product.product/90/image_1024/BESO DE MOZA85f9.webp]
[kavidavi.odoo.com/shop/dulces-11/bombones-91.html]
[kavidavi.odoo.com/web/image/product.product/91/image_1024/BOMBONESc296.webp]
[kavidavi.odoo.com/shop/dulces-11/paletas-de-diseno-92.html]
[kavidavi.odoo.com/web/image/product.product/92/image_1024/PALETAS DE DISENO.webp_; filename_=UTF-8''PALETAS%20DE%]
[kavidavi.odoo.com/shop/category/dulces-11.html]
[kavidavi.odoo.com/'data_image/png;base64, iVBORw0KGgoAAAANSUhEUgAAAIAAAACACAY/zjcDVSXdK9f9pHulKiNtYTQBBEAABEAABEA]
[kavidavi.odoo.com/shop/category/frutas-14aaea.html]
[kavidavi.odoo.com/shop/category/frutas-145287.html]
[kavidavi.odoo.com/shop/category/frutas-14528b.html]
[kavidavi.odoo.com/shop/category/frutas-149d3a.html]
[kavidavi.odoo.com/shop/category/frutas-1486c9.html]
[kavidavi.odoo.com/shop/frutas-14/fresa-con-chocolate-20.html]
[kavidavi.odoo.com/shop/frutas-14/platano-con-chocolate-59.html]
[kavidavi.odoo.com/shop/frutas-14/uva-con-chocolate-60.html]
[kavidavi.odoo.com/shop/frutas-14/manzana-con-chocolate-61.html]
[kavidavi.odoo.com/web/image/product.product/61/image_1024/MANZANA CON CHOCOLATE1c79.webp]
[kavidavi.odoo.com/shop/frutas-14/kiwi-con-chocolate-93.html]
[kavidavi.odoo.com/web/image/product.product/93/image_1024/KIWI CON CHOCOLATE7a14.webp]
[kavidavi.odoo.com/shop/frutas-14/sandia-con-chocolate-94.html]
[kavidavi.odoo.com/web/image/product.product/94/image_1024/SANDIA CON CHOCOLATEbbc6.webp]
[kavidavi.odoo.com/shop/frutas-14/papaya-con-chocolate-95.html]
[kavidavi.odoo.com/web/image/product.product/95/image_1024/PAPAYA CON CHOCOLATEf104.webp]
[kavidavi.odoo.com/shop/frutas-14/coco-con-chocolate-96.html]
[kavidavi.odoo.com/web/image/product.product/96/image_1024/COCO CON CHOCOLATEe9df.webp]
[kavidavi.odoo.com/shop/category/frutas-14.html]
[kavidavi.odoo.com/shop/category/galletas-9aaea.html]
[kavidavi.odoo.com/shop/category/galletas-95287.html]
[kavidavi.odoo.com/shop/category/galletas-9528b.html]
[kavidavi.odoo.com/shop/category/galletas-99d3a.html]
[kavidavi.odoo.com/shop/category/galletas-986c9.html]
[kavidavi.odoo.com/shop/galletas-9/galleta-en-forma-de-luna-14.html]
[kavidavi.odoo.com/shop/galletas-9/galleta-en-forma-de-unicornio-15.html]
[kavidavi.odoo.com/shop/galletas-9/galleta-en-foma-de-perezoso-16.html]
[kavidavi.odoo.com/shop/galletas-9/galleta-en-forma-de-nube-17.html]
[kavidavi.odoo.com/shop/galletas-9/galleta-con-frambuesa-18.html]
[kavidavi.odoo.com/shop/category/galletas-9.html]
[kavidavi.odoo.com/shop/galletas-9/galleta-con-limon-19.html]
[kavidavi.odoo.com/shop/category/helados-13aaea.html]
[kavidavi.odoo.com/shop/category/helados-135287.html]
[kavidavi.odoo.com/shop/category/helados-13528b.html]
[kavidavi.odoo.com/shop/category/helados-139d3a.html]
[kavidavi.odoo.com/shop/category/helados-1386c9.html]
[kavidavi.odoo.com/shop/helados-13/helados-en-forma-de-oso-8.html]
[kavidavi.odoo.com/shop/helados-13/helados-en-forma-de-pikachu-9.html]
[kavidavi.odoo.com/shop/helados-13/helados-en-forma-de-dragon-10.html]
[kavidavi.odoo.com/shop/helados-13/helado-en-forma-de-puerco-11.html]
[kavidavi.odoo.com/shop/helados-13/helados-en-forma-de-perro-12.html]
[kavidavi.odoo.com/shop/category/helados-13.html]
[kavidavi.odoo.com/'data_image/png;base64, iVBORw0KGgoAAAANSUhEUgAAAIAAAACACAY/K0p2QGIFCGGJdL4fwTpL7pznccwoWmbG3nt]
[kavidavi.odoo.com/shop/helados-13/helado-en-forma-de-gato-13.html]
[kavidavi.odoo.com/shop/category/pasteles-10aaea.html]
[kavidavi.odoo.com/shop/category/pasteles-105287.html]
[kavidavi.odoo.com/shop/category/pasteles-10528b.html]
[kavidavi.odoo.com/shop/category/pasteles-109d3a.html]
[kavidavi.odoo.com/shop/category/pasteles-1086c9.html]
[kavidavi.odoo.com/shop/pasteles-10/torta-de-pina-2.html]
[kavidavi.odoo.com/shop/pasteles-10/torta-de-vainilla-6.html]
[kavidavi.odoo.com/shop/pasteles-10/torta-de-fresas-7.html]
[kavidavi.odoo.com/shop/pasteles-10/torta-de-gelatina-97.html]
[kavidavi.odoo.com/web/image/product.product/97/image_1024/TORTA DE GELATINAbee8.webp]
[kavidavi.odoo.com/shop/pasteles-10/torta-de-tres-leches-98.html]
[kavidavi.odoo.com/web/image/product.product/98/image_1024/TORTA DE TRES LECHES9a56.webp]
[kavidavi.odoo.com/shop/pasteles-10/torta-de-chocolate-99.html]
[kavidavi.odoo.com/web/image/product.product/99/image_1024/TORTA DE CHOCOLATE79d0.webp]
[kavidavi.odoo.com/shop/pasteles-10/torta-selva-negra-100.html]
[kavidavi.odoo.com/web/image/product.product/100/image_1024/TORTA SELVA NEGRAfa9e.webp]
[kavidavi.odoo.com/shop/pasteles-10/torta-de-fresa-101.html]
[kavidavi.odoo.com/web/image/product.product/101/image_1024/TORTA DE FRESA9563.webp]
[kavidavi.odoo.com/shop/pasteles-10/torta-de-naranja-102.html]
[kavidavi.odoo.com/web/image/product.product/102/image_1024/TORTA DE NARANJA6be8.webp]
[kavidavi.odoo.com/shop/pasteles-10/torta-de-frambuesa-103.html]
[kavidavi.odoo.com/web/image/product.product/103/image_1024/TORTA DE FRAMBUESA6dae.webp]
[kavidavi.odoo.com/shop/pasteles-10/torta-de-oreo-104.html]
[kavidavi.odoo.com/web/image/product.product/104/image_1024/TORTA DE OREO934e.webp]
[kavidavi.odoo.com/shop/pasteles-10/torta-de-vainilla-105.html]
[kavidavi.odoo.com/web/image/product.product/105/image_1024/TORTA DE VAINILLA1471.webp]
[kavidavi.odoo.com/shop/category/pasteles-10.html]
[kavidavi.odoo.com/shop/page/2aaea.html]
[kavidavi.odoo.com/shop/page/3aaea.html]
[kavidavi.odoo.com/shopaaea.html]
[kavidavi.odoo.com/shop/page/4aaea.html]
[kavidavi.odoo.com/shop/torta-de-vainilla-105.html]
[kavidavi.odoo.com/shop/torta-de-oreo-104.html]
[kavidavi.odoo.com/shop/torta-de-frambuesa-103.html]
[kavidavi.odoo.com/shop/torta-de-naranja-102.html]
[kavidavi.odoo.com/shop/torta-de-fresa-101.html]
[kavidavi.odoo.com/shop/torta-selva-negra-100.html]
[kavidavi.odoo.com/shop/torta-de-chocolate-99.html]
[kavidavi.odoo.com/shop/torta-de-tres-leches-98.html]
[kavidavi.odoo.com/shop/torta-de-gelatina-97.html]
[kavidavi.odoo.com/shop/coco-con-chocolate-96.html]
[kavidavi.odoo.com/shop/papaya-con-chocolate-95.html]
[kavidavi.odoo.com/shop/sandia-con-chocolate-94.html]
[kavidavi.odoo.com/shop/kiwi-con-chocolate-93.html]
[kavidavi.odoo.com/shop/paletas-de-diseno-92.html]
[kavidavi.odoo.com/shop/bombones-91.html]
[kavidavi.odoo.com/shop/beso-de-moza-90.html]
[kavidavi.odoo.com/shop/manzana-acaramelada-con-chocolate-89.html]
[kavidavi.odoo.com/shop/manzana-acarmelada-88.html]
[kavidavi.odoo.com/shop/buffetes-colores-87.html]
[kavidavi.odoo.com/shop/frutas-86.html]
[kavidavi.odoo.com/shop/pastelillos-85.html]
[kavidavi.odoo.com/shop/page/25287.html]
[kavidavi.odoo.com/shop/page/35287.html]
[kavidavi.odoo.com/shop5287.html]
[kavidavi.odoo.com/shop/page/45287.html]
[kavidavi.odoo.com/shop/bebida-de-fresa-63.html]
[kavidavi.odoo.com/shop/bebida-de-guanabana-64.html]
[kavidavi.odoo.com/shop/bebida-de-mango-62.html]
[kavidavi.odoo.com/shop/bebida-de-maracuya-65.html]
[kavidavi.odoo.com/shop/bebida-de-papaya-69.html]
[kavidavi.odoo.com/shop/bebida-de-pina-66.html]
[kavidavi.odoo.com/shop/bebida-de-platano-67.html]
[kavidavi.odoo.com/shop/bebida-de-uva-68.html]
[kavidavi.odoo.com/shop/bombones-rellenos-81.html]
[kavidavi.odoo.com/shop/page/2528b.html]
[kavidavi.odoo.com/shop/page/3528b.html]
[kavidavi.odoo.com/shop528b.html]
[kavidavi.odoo.com/shop/page/4528b.html]
[kavidavi.odoo.com/shop/galletas-de-mantequilla-78.html]
[kavidavi.odoo.com/shop/manzana-con-chocolate-61.html]
[kavidavi.odoo.com/shop/galletas-decoradas-77.html]
[kavidavi.odoo.com/shop/petipanes-de-jamon-y-queso-74.html]
[kavidavi.odoo.com/shop/page/29d3a.html]
[kavidavi.odoo.com/shop/page/39d3a.html]
[kavidavi.odoo.com/shop9d3a.html]
[kavidavi.odoo.com/shop/page/49d3a.html]
[kavidavi.odoo.com/shop/harinas-84.html]
[kavidavi.odoo.com/shop/page/286c9.html]
[kavidavi.odoo.com/shop/page/386c9.html]
[kavidavi.odoo.com/shop86c9.html]
[kavidavi.odoo.com/shop/page/486c9.html]
[kavidavi.odoo.com/web/image/product.template/2/TORTA DE PINA.webp_; filename_=UTF-8''TORTA%20DE%20PI%C3%91Af417.w]
[kavidavi.odoo.com/shop/torta-de-pina-2.html]
[kavidavi.odoo.com/terms.html]
[kavidavi.odoo.com/web/image/product.template/3/POPCAKEb2ce.webp]
[kavidavi.odoo.com/shop/popcake-3.html]
[kavidavi.odoo.com/web/image/product.template/4/TRUFAS3c3e.webp]
[kavidavi.odoo.com/shop/trufas-4.html]
[kavidavi.odoo.com/web/image/product.template/5/ENROLLADO DE GELATINA6ad0.webp]
[kavidavi.odoo.com/shop/enrollado-de-gelatina-5.html]
[kavidavi.odoo.com/web/image/product.template/6/TORTA DE VAINILLA1145.webp]
[kavidavi.odoo.com/shop/torta-de-vainilla-6.html]
[kavidavi.odoo.com/web/image/product.template/7/TORTA DE FRESASae82.webp]
[kavidavi.odoo.com/shop/torta-de-fresas-7.html]
[kavidavi.odoo.com/web/image/product.template/8/HELADOS EN FORMA DE OSO.webp_; filename_=UTF-8''HELADOS%20EN%20FOR]
[kavidavi.odoo.com/shop/helados-en-forma-de-oso-8.html]
[kavidavi.odoo.com/web/image/product.template/9/HELADOS EN FORMA DE PIKACHU298c.webp]
[kavidavi.odoo.com/shop/helados-en-forma-de-pikachu-9.html]
[kavidavi.odoo.com/web/image/product.template/10/HELADOS EN FORMA DE DRAGON85a4.webp]
[kavidavi.odoo.com/shop/helados-en-forma-de-dragon-10.html]
[kavidavi.odoo.com/web/image/product.template/11/HELADO EN FORMA DE PUERCO79d5.webp]
[kavidavi.odoo.com/shop/helado-en-forma-de-puerco-11.html]
[kavidavi.odoo.com/web/image/product.template/12/HELADOS EN FORMA DE PERRO1f1b.webp]
[kavidavi.odoo.com/shop/helados-en-forma-de-perro-12.html]
[kavidavi.odoo.com/web/image/product.template/13/HELADO EN FORMA DE GATOadf3.webp]
[kavidavi.odoo.com/shop/helado-en-forma-de-gato-13.html]
[kavidavi.odoo.com/web/image/product.template/14/GALLETA EN FORMA DE LUNA8edb.webp]
[kavidavi.odoo.com/shop/galleta-en-forma-de-luna-14.html]
[kavidavi.odoo.com/web/image/product.template/15/GALLETA EN FORMA DE UNICORNIOf9a5.webp]
[kavidavi.odoo.com/shop/galleta-en-forma-de-unicornio-15.html]
[kavidavi.odoo.com/web/image/product.template/16/GALLETA EN FOMA DE PEREZOSO0082.webp]
[kavidavi.odoo.com/shop/galleta-en-foma-de-perezoso-16.html]
[kavidavi.odoo.com/web/image/product.template/17/GALLETA EN FORMA DE NUBE351f.webp]
[kavidavi.odoo.com/shop/galleta-en-forma-de-nube-17.html]
[kavidavi.odoo.com/web/image/product.template/18/GALLETA CON FRAMBUESA8514.webp]
[kavidavi.odoo.com/shop/galleta-con-frambuesa-18.html]
[kavidavi.odoo.com/web/image/product.template/19/GALLETA CON LIMONa5f0.webp]
[kavidavi.odoo.com/shop/galleta-con-limon-19.html]
[kavidavi.odoo.com/web/image/product.template/20/FRESA CON CHOCOLATE6b26.webp]
[kavidavi.odoo.com/shop/fresa-con-chocolate-20.html]
[kavidavi.odoo.com/web/image/product.template/59/PLATANO CON CHOCOLATE.webp_; filename_=UTF-8''PL%C3%81TANO%20CON%]
[kavidavi.odoo.com/shop/platano-con-chocolate-59.html]
[kavidavi.odoo.com/web/image/product.template/60/UVA CON CHOCOLATE5524.webp]
[kavidavi.odoo.com/shop/uva-con-chocolate-60.html]
[kavidavi.odoo.com/shop/mini-empanada-de-pollo-70.html]
[kavidavi.odoo.com/shop/mini-empanadas-de-carne-71.html]
[kavidavi.odoo.com/shop/page/'data_image/png;base64, iVBORw0KGgoAAAANSUhEUgAAAIAAAACACAY/K/lOacVIgdQz2qFyAGUo1gh9A]
[kavidavi.odoo.com/shop/page/'data_image/png;base64, iVBORw0KGgoAAAANSUhEUgAAAIAAAACACAY/zjcDVSXdK9f9pHulKiNtYTQBB]
[kavidavi.odoo.com/shop/page/'data_image/png;base64, iVBORw0KGgoAAAANSUhEUgAAAIAAAACACAY/K0p2QGIFCGGJdL4fwTpL7pznc]
[kavidavi.odoo.com/shop/mini-empanadas-de-queso-72.html]
[kavidavi.odoo.com/shop/mini-pizzas-73.html]
[kavidavi.odoo.com/shop/petipanes-de-pollo-75.html]
[kavidavi.odoo.com/shop/mini-donas-glaseadas-76.html]
[kavidavi.odoo.com/shop/mini-tartaletas-de-fruta-79.html]
[kavidavi.odoo.com/shop/page/2.html]
[kavidavi.odoo.com/shop/mini-cheesecakes-80.html]
[kavidavi.odoo.com/shop/quesudo-82.html]
[kavidavi.odoo.com/shop/page/3.html]
[kavidavi.odoo.com/shop/page/4.html]
[kavidavi.odoo.com/_/web/image/2520-55aa4e97/CHOCO.html]
[kavidavi.odoo.com/shop/category/bebidas-15aaea.html]
[kavidavi.odoo.com/shop/category/bebidas-155287.html]
[kavidavi.odoo.com/shop/category/bebidas-15528b.html]
[kavidavi.odoo.com/shop/category/bebidas-159d3a.html]
[kavidavi.odoo.com/shop/category/bebidas-1586c9.html]
[kavidavi.odoo.com/shop/la-consentida-83.html]
[kavidavi.odoo.com/web/image/product.template/62/BEBIDA DE MANGOd7c8.webp]
[kavidavi.odoo.com/shop/bebidas-15/bebida-de-mango-62.html]
[kavidavi.odoo.com/web/image/product.template/63/BEBIDA DE FRESAc825.webp]
[kavidavi.odoo.com/shop/bebidas-15/bebida-de-fresa-63.html]
[kavidavi.odoo.com/web/image/product.template/64/BEBIDA DE GUANABANA957a.webp]
[kavidavi.odoo.com/shop/bebidas-15/bebida-de-guanabana-64.html]
[kavidavi.odoo.com/web/image/product.template/65/BEBIDA DE MARACUYA5f5f.webp]
[kavidavi.odoo.com/shop/bebidas-15/bebida-de-maracuya-65.html]
[kavidavi.odoo.com/web/image/product.template/66/BEBIDA DE PINA.webp_; filename_=UTF-8''BEBIDA%20DE%20PI%C3%91Ae20]
[kavidavi.odoo.com/shop/bebidas-15/bebida-de-pina-66.html]
[kavidavi.odoo.com/web/image/product.template/67/BEBIDA DE PLATANO.webp_; filename_=UTF-8''BEBIDA%20DE%20PL%C3%81T]
[kavidavi.odoo.com/shop/bebidas-15/bebida-de-platano-67.html]
[kavidavi.odoo.com/web/image/product.template/68/BEBIDA DE UVA75b4.webp]
[kavidavi.odoo.com/shop/bebidas-15/bebida-de-uva-68.html]
[kavidavi.odoo.com/web/image/product.template/69/BEBIDA DE PAPAYAbb8d.webp]
[kavidavi.odoo.com/shop/bebidas-15/bebida-de-papaya-69.html]
[kavidavi.odoo.com/shop/category/bocaditos-12aaea.html]
[kavidavi.odoo.com/shop/category/bocaditos-125287.html]
[kavidavi.odoo.com/shop/category/bocaditos-12528b.html]
[kavidavi.odoo.com/shop/category/bocaditos-129d3a.html]
[kavidavi.odoo.com/shop/category/bocaditos-1286c9.html]
[kavidavi.odoo.com/web/image/product.template/70/MINI EMPANADA DE POLLOf5d7.webp]
[kavidavi.odoo.com/shop/bocaditos-12/mini-empanada-de-pollo-70.html]
[kavidavi.odoo.com/web/image/product.template/71/MINI EMPANADAS DE CARNE127c.jpg]
[kavidavi.odoo.com/shop/bocaditos-12/mini-empanadas-de-carne-71.html]
[kavidavi.odoo.com/web/image/product.template/72/MINI EMPANADAS DE QUESOc2fc.webp]
[kavidavi.odoo.com/shop/bocaditos-12/mini-empanadas-de-queso-72.html]
[kavidavi.odoo.com/web/image/product.template/73/MINI PIZZAS43cb.webp]
[kavidavi.odoo.com/shop/bocaditos-12/mini-pizzas-73.html]
[kavidavi.odoo.com/web/image/product.template/74/PETIPANES DE JAMON Y QUESO0f7c.webp]
[kavidavi.odoo.com/shop/bocaditos-12/petipanes-de-jamon-y-queso-74.html]
[kavidavi.odoo.com/web/image/product.template/75/PETIPANES DE POLLOe79e.webp]
[kavidavi.odoo.com/shop/bocaditos-12/petipanes-de-pollo-75.html]
[kavidavi.odoo.com/web/image/product.template/76/MINI DONAS GLASEADAS9848.webp]
[kavidavi.odoo.com/shop/bocaditos-12/mini-donas-glaseadas-76.html]
[kavidavi.odoo.com/web/image/product.template/77/GALLETAS DECORADAS8f1e.webp]
[kavidavi.odoo.com/shop/bocaditos-12/galletas-decoradas-77.html]
[kavidavi.odoo.com/web/image/product.template/78/GALLETAS DE MANTEQUILLAbd3c.webp]
[kavidavi.odoo.com/shop/bocaditos-12/galletas-de-mantequilla-78.html]
[kavidavi.odoo.com/web/image/product.template/79/MINI TARTALETAS DE FRUTAf32d.webp]
[kavidavi.odoo.com/shop/bocaditos-12/mini-tartaletas-de-fruta-79.html]
[kavidavi.odoo.com/web/image/product.template/80/MINI CHEESECAKESd9e6.webp]
[kavidavi.odoo.com/shop/bocaditos-12/mini-cheesecakes-80.html]
[kavidavi.odoo.com/web/image/product.template/81/BOMBONES RELLENOS218c.webp]
[kavidavi.odoo.com/shop/bocaditos-12/bombones-rellenos-81.html]
[kavidavi.odoo.com/shop/category/buffet-16aaea.html]
[kavidavi.odoo.com/shop/category/buffet-165287.html]
[kavidavi.odoo.com/shop/category/buffet-16528b.html]
[kavidavi.odoo.com/shop/category/buffet-169d3a.html]
[kavidavi.odoo.com/shop/category/buffet-1686c9.html]
[kavidavi.odoo.com/web/image/product.template/82/QUESUDOdb09.webp]
[kavidavi.odoo.com/shop/buffet-16/quesudo-82.html]
[kavidavi.odoo.com/web/image/product.template/83/LA CONSENTIDAfd44.webp]
[kavidavi.odoo.com/shop/buffet-16/la-consentida-83.html]
[kavidavi.odoo.com/web/image/product.template/84/HARINAS269e.webp]
[kavidavi.odoo.com/shop/buffet-16/harinas-84.html]
[kavidavi.odoo.com/web/image/product.template/85/PASTELILLOS4e8b.webp]
[kavidavi.odoo.com/shop/buffet-16/pastelillos-85.html]
[kavidavi.odoo.com/web/image/product.template/86/FRUTAS62a8.webp]
[kavidavi.odoo.com/shop/buffet-16/frutas-86.html]
[kavidavi.odoo.com/web/image/product.template/87/BUFFETES COLORESbac1.webp]
[kavidavi.odoo.com/shop/buffet-16/buffetes-colores-87.html]
[kavidavi.odoo.com/shop/category/dulces-11aaea.html]
[kavidavi.odoo.com/shop/category/dulces-115287.html]
[kavidavi.odoo.com/shop/category/dulces-11528b.html]
[kavidavi.odoo.com/shop/category/dulces-119d3a.html]
[kavidavi.odoo.com/shop/category/dulces-1186c9.html]
[kavidavi.odoo.com/shop/dulces-11/popcake-3.html]
[kavidavi.odoo.com/shop/dulces-11/trufas-4.html]
[kavidavi.odoo.com/shop/dulces-11/enrollado-de-gelatina-5.html]
[kavidavi.odoo.com/web/image/product.template/88/MANZANA ACARMELADAa323.webp]
[kavidavi.odoo.com/shop/dulces-11/manzana-acarmelada-88.html]
[kavidavi.odoo.com/web/image/product.template/89/MANZANA ACARAMELADA CON CHOCOLATE6378.webp]
[kavidavi.odoo.com/shop/dulces-11/manzana-acaramelada-con-chocolate-89.html]
[kavidavi.odoo.com/web/image/product.template/90/BESO DE MOZA85f9.webp]
[kavidavi.odoo.com/shop/dulces-11/beso-de-moza-90.html]
[kavidavi.odoo.com/web/image/product.template/91/BOMBONESc296.webp]
[kavidavi.odoo.com/shop/dulces-11/bombones-91.html]
[kavidavi.odoo.com/web/image/product.template/92/PALETAS DE DISENO.webp_; filename_=UTF-8''PALETAS%20DE%20DISE%C3%]
[kavidavi.odoo.com/shop/dulces-11/paletas-de-diseno-92.html]
[kavidavi.odoo.com/shop/category/frutas-14aaea.html]
[kavidavi.odoo.com/shop/category/frutas-145287.html]
[kavidavi.odoo.com/shop/category/frutas-14528b.html]
[kavidavi.odoo.com/shop/category/frutas-149d3a.html]
[kavidavi.odoo.com/shop/category/frutas-1486c9.html]
[kavidavi.odoo.com/shop/frutas-14/fresa-con-chocolate-20.html]
[kavidavi.odoo.com/shop/frutas-14/platano-con-chocolate-59.html]
[kavidavi.odoo.com/shop/frutas-14/uva-con-chocolate-60.html]
[kavidavi.odoo.com/web/image/product.template/61/MANZANA CON CHOCOLATE1c79.webp]
[kavidavi.odoo.com/shop/frutas-14/manzana-con-chocolate-61.html]
[kavidavi.odoo.com/web/image/product.template/93/KIWI CON CHOCOLATE7a14.webp]
[kavidavi.odoo.com/shop/frutas-14/kiwi-con-chocolate-93.html]
[kavidavi.odoo.com/web/image/product.template/94/SANDIA CON CHOCOLATEbbc6.webp]
[kavidavi.odoo.com/shop/frutas-14/sandia-con-chocolate-94.html]
[kavidavi.odoo.com/web/image/product.template/95/PAPAYA CON CHOCOLATEf104.webp]
[kavidavi.odoo.com/shop/frutas-14/papaya-con-chocolate-95.html]
[kavidavi.odoo.com/web/image/product.template/96/COCO CON CHOCOLATEe9df.webp]
[kavidavi.odoo.com/shop/frutas-14/coco-con-chocolate-96.html]
[kavidavi.odoo.com/shop/category/galletas-9aaea.html]
[kavidavi.odoo.com/shop/category/galletas-95287.html]
[kavidavi.odoo.com/shop/category/galletas-9528b.html]
[kavidavi.odoo.com/shop/category/galletas-99d3a.html]
[kavidavi.odoo.com/shop/category/galletas-986c9.html]
[kavidavi.odoo.com/shop/galletas-9/galleta-en-forma-de-luna-14.html]
[kavidavi.odoo.com/shop/galletas-9/galleta-en-forma-de-unicornio-15.html]
[kavidavi.odoo.com/shop/galletas-9/galleta-en-foma-de-perezoso-16.html]
[kavidavi.odoo.com/shop/galletas-9/galleta-en-forma-de-nube-17.html]
[kavidavi.odoo.com/shop/galletas-9/galleta-con-frambuesa-18.html]
[kavidavi.odoo.com/shop/galletas-9/galleta-con-limon-19.html]
[kavidavi.odoo.com/shop/category/helados-13aaea.html]
[kavidavi.odoo.com/shop/category/helados-135287.html]
[kavidavi.odoo.com/shop/category/helados-13528b.html]
[kavidavi.odoo.com/shop/category/helados-139d3a.html]
[kavidavi.odoo.com/shop/category/helados-1386c9.html]
[kavidavi.odoo.com/shop/helados-13/helados-en-forma-de-oso-8.html]
[kavidavi.odoo.com/shop/helados-13/helados-en-forma-de-pikachu-9.html]
[kavidavi.odoo.com/shop/helados-13/helados-en-forma-de-dragon-10.html]
[kavidavi.odoo.com/shop/helados-13/helado-en-forma-de-puerco-11.html]
[kavidavi.odoo.com/shop/helados-13/helados-en-forma-de-perro-12.html]
[kavidavi.odoo.com/shop/helados-13/helado-en-forma-de-gato-13.html]
[kavidavi.odoo.com/shop/category/pasteles-10aaea.html]
[kavidavi.odoo.com/shop/category/pasteles-105287.html]
[kavidavi.odoo.com/shop/category/pasteles-10528b.html]
[kavidavi.odoo.com/shop/category/pasteles-109d3a.html]
[kavidavi.odoo.com/shop/category/pasteles-1086c9.html]
[kavidavi.odoo.com/shop/pasteles-10/torta-de-pina-2.html]
[kavidavi.odoo.com/shop/pasteles-10/torta-de-vainilla-6.html]
[kavidavi.odoo.com/shop/pasteles-10/torta-de-fresas-7.html]
[kavidavi.odoo.com/web/image/product.template/97/TORTA DE GELATINAbee8.webp]
[kavidavi.odoo.com/shop/pasteles-10/torta-de-gelatina-97.html]
[kavidavi.odoo.com/web/image/product.template/98/TORTA DE TRES LECHES9a56.webp]
[kavidavi.odoo.com/shop/pasteles-10/torta-de-tres-leches-98.html]
[kavidavi.odoo.com/web/image/product.template/99/TORTA DE CHOCOLATE79d0.webp]
[kavidavi.odoo.com/shop/pasteles-10/torta-de-chocolate-99.html]
[kavidavi.odoo.com/web/image/product.template/100/TORTA SELVA NEGRAfa9e.webp]
[kavidavi.odoo.com/shop/pasteles-10/torta-selva-negra-100.html]
[kavidavi.odoo.com/web/image/product.template/101/TORTA DE FRESA9563.webp]
[kavidavi.odoo.com/shop/pasteles-10/torta-de-fresa-101.html]
[kavidavi.odoo.com/web/image/product.template/102/TORTA DE NARANJA6be8.webp]
[kavidavi.odoo.com/shop/pasteles-10/torta-de-naranja-102.html]
[kavidavi.odoo.com/web/image/product.template/103/TORTA DE FRAMBUESA6dae.webp]
[kavidavi.odoo.com/shop/pasteles-10/torta-de-frambuesa-103.html]
[kavidavi.odoo.com/web/image/product.template/104/TORTA DE OREO934e.webp]
[kavidavi.odoo.com/shop/pasteles-10/torta-de-oreo-104.html]
[kavidavi.odoo.com/web/image/product.template/105/TORTA DE VAINILLA1471.webp]
[kavidavi.odoo.com/shop/pasteles-10/torta-de-vainilla-105.html]
[kavidavi.odoo.com/shop/page/2aaea.html]
[kavidavi.odoo.com/shop/page/3aaea.html]
[kavidavi.odoo.com/shop/page/4aaea.html]
[kavidavi.odoo.com/shop/torta-de-vainilla-105.html]
[kavidavi.odoo.com/shop/torta-de-oreo-104.html]
[kavidavi.odoo.com/shop/torta-de-frambuesa-103.html]
[kavidavi.odoo.com/shop/torta-de-naranja-102.html]
[kavidavi.odoo.com/shop/torta-de-fresa-101.html]
[kavidavi.odoo.com/shop/torta-selva-negra-100.html]
[kavidavi.odoo.com/shop/torta-de-chocolate-99.html]
[kavidavi.odoo.com/shop/torta-de-tres-leches-98.html]
[kavidavi.odoo.com/shop/torta-de-gelatina-97.html]
[kavidavi.odoo.com/shop/coco-con-chocolate-96.html]
[kavidavi.odoo.com/shop/papaya-con-chocolate-95.html]
[kavidavi.odoo.com/shop/sandia-con-chocolate-94.html]
[kavidavi.odoo.com/shop/kiwi-con-chocolate-93.html]
[kavidavi.odoo.com/shop/paletas-de-diseno-92.html]
[kavidavi.odoo.com/shop/bombones-91.html]
[kavidavi.odoo.com/shop/beso-de-moza-90.html]
[kavidavi.odoo.com/shop/manzana-acaramelada-con-chocolate-89.html]
[kavidavi.odoo.com/shop/manzana-acarmelada-88.html]
[kavidavi.odoo.com/shop/buffetes-colores-87.html]
[kavidavi.odoo.com/shop/frutas-86.html]
[kavidavi.odoo.com/shop/pastelillos-85.html]
[kavidavi.odoo.com/shop/page/25287.html]
[kavidavi.odoo.com/shop/page/35287.html]
[kavidavi.odoo.com/shop/page/45287.html]
[kavidavi.odoo.com/shop/bebida-de-fresa-63.html]
[kavidavi.odoo.com/shop/bebida-de-guanabana-64.html]
[kavidavi.odoo.com/shop/bebida-de-mango-62.html]
[kavidavi.odoo.com/shop/bebida-de-maracuya-65.html]
[kavidavi.odoo.com/shop/bebida-de-papaya-69.html]
[kavidavi.odoo.com/shop/bebida-de-pina-66.html]
[kavidavi.odoo.com/shop/bebida-de-platano-67.html]
[kavidavi.odoo.com/shop/bebida-de-uva-68.html]
[kavidavi.odoo.com/shop/bombones-rellenos-81.html]
[kavidavi.odoo.com/shop/page/2528b.html]
[kavidavi.odoo.com/shop/page/3528b.html]
[kavidavi.odoo.com/shop/page/4528b.html]
[kavidavi.odoo.com/shop/galletas-de-mantequilla-78.html]
[kavidavi.odoo.com/shop/manzana-con-chocolate-61.html]
[kavidavi.odoo.com/shop/galletas-decoradas-77.html]
[kavidavi.odoo.com/shop/petipanes-de-jamon-y-queso-74.html]
[kavidavi.odoo.com/shop/page/29d3a.html]
[kavidavi.odoo.com/shop/page/39d3a.html]
[kavidavi.odoo.com/shop/page/49d3a.html]
[kavidavi.odoo.com/shop/harinas-84.html]
[kavidavi.odoo.com/shop/page/286c9.html]
[kavidavi.odoo.com/shop/page/386c9.html]
[kavidavi.odoo.com/shop/page/486c9.html]
[kavidavi.odoo.com/terms.html]
[kavidavi.odoo.com/shop/page/'data_image/png;base64, iVBORw0KGgoAAAANSUhEUgAAAIAAAACACAY/K/lOacVIgdQz2qFyAGUo1gh9A]
[kavidavi.odoo.com/shop/page/'data_image/png;base64, iVBORw0KGgoAAAANSUhEUgAAAIAAAACACAY/zjcDVSXdK9f9pHulKiNtYTQBB]
[kavidavi.odoo.com/shop/page/'data_image/png;base64, iVBORw0KGgoAAAANSUhEUgAAAIAAAACACAY/K0p2QGIFCGGJdL4fwTpL7pznc]
[kavidavi.odoo.com/shop/mini-empanada-de-pollo-70.html]
[kavidavi.odoo.com/shop/mini-empanadas-de-carne-71.html]
[kavidavi.odoo.com/shop/mini-empanadas-de-queso-72.html]
[kavidavi.odoo.com/shop/mini-pizzas-73.html]
[kavidavi.odoo.com/shop/petipanes-de-pollo-75.html]
[kavidavi.odoo.com/shop/mini-donas-glaseadas-76.html]
[kavidavi.odoo.com/shop/mini-tartaletas-de-fruta-79.html]
[kavidavi.odoo.com/shop/mini-cheesecakes-80.html]
[kavidavi.odoo.com/shop/quesudo-82.html]
[kavidavi.odoo.com/shop/la-consentida-83.html]
